[www.tatasteel.com/index.html]
[www.tatasteel.com/images/favicon.ico]
[cdnjs.cloudflare.com/ajax/libs/slick-carousel/1.9.0/slick.min.css]
[cdnjs.cloudflare.com/ajax/libs/slick-carousel/1.9.0/slick-theme.min.css]
[www.tatasteel.com/css/tatasteelebc3.css]
[backblue.gif]
[fade.gif]
[index.html]
[www.tatasteel.com/css/accessibility-style7d33.css]
[www.google-analytics.com/analytics.js]
[www.tatasteel.com/images/over-menu/corporate.png]
[www.tatasteel.com/images/over-menu/sustainability.png]
[www.tatasteel.com/corporate/index.html]
[www.tatasteel.com/images/over-menu/products.png]
[www.tatasteel.com/images/over-menu/investors.png]
[www.tatasteel.com/corporate/our-organisation/company-profile/index.html]
[www.tatasteel.com/corporate/our-organisation/tata-group-profile/index.html]
[www.tatasteel.com/corporate/our-organisation/vision-mission-values/index.html]
[www.tatasteel.com/images/over-menu/media.png]
[www.tatasteel.com/corporate/our-organisation/ethics/index.html]
[www.tatasteel.com/corporate/our-organisation/leadership/index.html]
[www.tatasteel.com/corporate/our-organisation/policies/index.html]
[www.tatasteel.com/corporate/our-organisation/heritage/index.html]
[www.tatasteel.com/corporate/our-organisation/innovation/index.html]
[www.tatasteel.com/corporate/our-organisation/safety/overview/index.html]
[www.tatasteel.com/images/over-menu/careers.png]
[www.tatasteel.com/corporate/our-organisation/safety/performance-highlights/index.html]
[www.tatasteel.com/images/over-menu/contact.png]
[www.tatasteel.com/corporate/our-organisation/safety/awards-and-accolades/index.html]
[www.tatasteel.com/images/tata-steel-logo.png]
[www.tatasteel.com/images/tata_logo.png]
[www.tatasteel.com/corporate/our-organisation/environment/index.html]
[www.tatasteel.com/media/14134/arrow-back.png]
[www.tatasteel.com/corporate/our-organisation/environment/policy/index.html]
[www.tatasteel.com/media/14126/icon-accessibility-hover.png]
[www.tatasteel.com/scripts/jquery-1.11.3.min.js]
[www.tatasteel.com/corporate/our-organisation/environment/environment-compliance-reports/index.html]
[www.tatasteel.com/scripts/soyo-jquery-multi-font-size5466.js]
[www.tatasteel.com/scripts/accessibility-guide82ce.js]
[www.tatasteel.com/corporate/our-organisation/safety/building-a-culture-of-safety/index.html]
[www.tatasteel.com/css/accessibility-guide-styled89a.css]
[www.tatasteel.com/media/16285/net-zero-spotlight-banner-2.jpg]
[www.tatasteel.com/media/16301/net-zero-spotlight-banner-2_3.mp4]
[www.tatasteel.com/corporate/our-organisation/environment/environmental-certifications/index.html]
[www.tatasteel.com/media/16300/new_spotlight_500x781.jpg]
[www.tatasteel.com/media/14369/1400x791-1.mp4]
[www.tatasteel.com/corporate/our-organisation/hr/index.html]
[www.tatasteel.com/media/14365/500x781.jpg]
[www.tatasteel.com/corporate/our-organisation/csr/index.html]
[www.tatasteel.com/media/14597/main-banner-01.jpg]
[www.tatasteel.com/media/14595/mobile-banner-01.jpg]
[www.tatasteel.com/media/15534/new_1400x790-5.jpg]
[www.tatasteel.com/corporate/our-organisation/awards-recognitions/index.html]
[www.tatasteel.com/media/15527/500x781-6.jpg]
[www.tatasteel.com/media/16201/website-banner-1qfy23_1400-x-790-1.mp4]
[www.tatasteel.com/corporate/our-organisation/corporate-initiatives/index.html]
[www.tatasteel.com/media/16200/500x781-12.jpg]
[www.tatasteel.com/corporate/our-organisation/corporate-initiatives/tata-steel-kolkata-literary-meet/index.html]
[www.tatasteel.com/corporate/our-organisation/corporate-initiatives/tata-steel-kolkata-25k-run/index.html]
[www.tatasteel.com/media/14359/14th-sept.jpg]
[www.tatasteel.com/corporate/our-organisation/corporate-initiatives/samvaad/index.html]
[www.tatasteel.com/images/Know-more_Btn.png]
[www.tatasteel.com/corporate/our-organisation/corporate-initiatives/tata-steel-bhubaneswar-literary-meet/index.html]
[www.tatasteel.com/media/14596/thumbnail.jpg]
[www.tatasteel.com/corporate/our-organisation/corporate-initiatives/tata-steel-bhubaneshwar-half-marathon/index.html]
[www.tatasteel.com/media/15530/258x146-2.jpg]
[www.tatasteel.com/corporate/our-organisation/corporate-initiatives/tata-steel-noamundi-run-a-thon/index.html]
[www.tatasteel.com/media/16203/258x146-4.jpg]
[www.tatasteel.com/corporate/our-organisation/corporate-initiatives/tata-steel-jamshedpur-run-a-thon/index.html]
[www.tatasteel.com/media/16299/new_spotlight_258x146.jpg]
[www.tatasteel.com/corporate/our-organisation/corporate-initiatives/tata-steel-jharkhand-literary-meet/index.html]
[www.tatasteel.com/media/11523/title-background.jpg]
[www.tatasteel.com/media/15404/500x781-1-1.jpg]
[www.tatasteel.com/corporate/our-organisation/corporate-initiatives/tata-steel-chess-india/index.html]
[www.tatasteel.com/media/15403/1400x470-1.jpg]
[www.tatasteel.com/corporate/our-organisation/corporate-initiatives/tata-steel-art-residency/index.html]
[www.tatasteel.com/media/15411/500x781-2.jpg]
[www.tatasteel.com/media/15410/1400x470-1-1.jpg]
[www.tatasteel.com/media/12689/rs-mobile-banner_1.jpg]
[www.tatasteel.com/corporate/our-organisation/corporate-initiatives/proactive-measures-safety-of-all/index.html]
[www.tatasteel.com/media/12688/rs-desktop-banner_1.jpg]
[www.tatasteel.com/media/15462/djsi_mobile-banner.png]
[www.tatasteel.com/media/15461/djsi_desktop-banner.png]
[www.tatasteel.com/media/3932/global_presence_bg2.jpg]
[www.tatasteel.com/corporate/our-organisation/corporate-initiatives/summer-camp-2021/index.html]
[www.tatasteel.com/media/3933/global_presence_mobile_bg2.jpg]
[www.tatasteel.com/media/2868/india_.png]
[www.tatasteel.com/media/2867/europe_.png]
[www.tatasteel.com/media/2869/sea_.png]
[www.tatasteel.com/images/investor_bg.jpg]
[www.tatasteel.com/images/investor_mobile_bg.jpg]
[www.tatasteel.com/corporate/our-organisation/tata-steel-group-companies/index.html]
[www.tatasteel.com/media/16195/1qfy23-press-release.pdf]
[www.tatasteel.com/media/16198/1qfy23-results-presentation.pdf]
[www.tatasteel.com/media/16197/tsl_q1fy23-results_identified.pdf]
[www.tatasteel.com/media/2874/employees.jpg]
[www.tatasteel.com/media/4101/facebook.png]
[www.tatasteel.com/corporate/our-organisation/procurement/index.html]
[www.tatasteel.com/media/4124/twitter.png]
[www.tatasteel.com/media/4125/likedin.png]
[www.tatasteel.com/media/4123/youtube_.png]
[www.tatasteel.com/media/6720/insta.png]
[www.tatasteel.com/corporate/our-organisation/campaigns/a-celebration-of-sports/index.html]
[code.jquery.com/jquery-1.12.4.js]
[www.tatasteel.com/corporate/our-organisation/campaigns/missiongange/index.html]
[www.tatasteel.com/scripts/tatasteel0b30.js]
[www.tatasteel.com/corporate/our-organisation/campaigns/howrah-bridge-75-years-anniversary/index.html]
[cdnjs.cloudflare.com/ajax/libs/slick-carousel/1.9.0/slick.min.js]
[www.tatasteel.com/corporate/our-organisation/campaigns/bachendri-pal/index.html]
[www.tatasteel.com/corporate/our-organisation/campaigns/100-years-quiz/index.html]
[www.tatasteel.com/GET.html]
[www.tatasteel.com/corporate/our-organisation/campaigns/swachh-bharat-and-ezynest/index.html]
[www.tatasteel.com/scripts/isotope.pkgd.js]
[www.tatasteel.com/scripts/masonry-horizontal.js]
[www.tatasteel.com/corporate/our-organisation/campaigns/doorwaytogreen/index.html]
[www.tatasteel.com/scripts/jquery.mousewheel.min.js]
[www.tatasteel.com/scripts/jquery.jscrollpane.min.js]
[www.tatasteel.com/corporate/our-organisation/campaigns/jamshedpurat100/index.html]
[www.tatasteel.com/scripts/moment.min.js]
[www.tatasteel.com/scripts/homescripts/HomeMedia.js]
[code.responsivevoice.org/responsivevoiceef12.js]
[www.tatasteel.com/corporate/our-organisation/campaigns/labour-day/index.html]
[www.tatasteel.com/index.html]
[cdnjs.cloudflare.com/ajax/libs/slick-carousel/1.9.0/slick.min.css]
[www.tatasteel.com/scripts/mouse-trail79fe.js]
[www.tatasteel.com/corporate/our-organisation/campaigns/restoretodayfortomorrow/index.html]
[www.tatasteel.com/corporate/our-organisation/campaigns/founders-day-2022/index.html]
[www.tatasteel.com/corporate/our-organisation/campaigns/sir-dorabji-tata-birth-anniversary/index.html]
[cdnjs.cloudflare.com/ajax/libs/slick-carousel/1.9.0/ajax-loader.gif]
[www.tatasteel.com/corporate/our-organisation/sports/index.html]
[www.tatasteel.com/corporate/our-organisation/campaigns/celebrating-the-118th-birth-anniversary-of-jrd-tata/index.html]
[www.tatasteel.com/corporate/our-value-chain/business-model-strategy/index.html]
[www.tatasteel.com/corporate/our-value-chain/sustainable-mining/index.html]
[cdnjs.cloudflare.com/ajax/libs/slick-carousel/1.9.0/fonts/slick.eot]
[www.tatasteel.com/corporate/our-value-chain/the-making-of-steel/index.html]
[www.tatasteel.com/corporate/our-value-chain/operational-excellence/index.html]
[www.tatasteel.com/corporate/our-organisation/campaigns/environment-day-2022/index.html]
[cdnjs.cloudflare.com/ajax/libs/slick-carousel/1.9.0/fonts/slickd41d.eot]
[www.tatasteel.com/sustainability/index.html]
[www.tatasteel.com/corporate/our-global-footprint/index.html]
[www.tatasteel.com/sustainability/our-approach/governance/index.html]
[cdnjs.cloudflare.com/ajax/libs/slick-carousel/1.9.0/fonts/slick.woff]
[www.tatasteel.com/sustainability/our-approach/sustainability-performance/index.html]
[www.tatasteel.com/sustainability/our-approach/material-issues/index.html]
[www.tatasteel.com/sustainability/our-approach/integrated-reports/index.html]
[www.tatasteel.com/sustainability/our-approach/sustainability-disclosures/index.html]
[cdnjs.cloudflare.com/ajax/libs/slick-carousel/1.9.0/fonts/slick.ttf]
[www.tatasteel.com/sustainability/our-approach/climate-action/index.html]
[www.tatasteel.com/sustainability/our-approach/tata-steel-esg-indicators-factsheet-fy-2021-22/index.html]
[www.tatasteel.com/sustainability/our-stories/product-sustainability/index.html]
[cdnjs.cloudflare.com/ajax/libs/slick-carousel/1.9.0/fonts/slick.svg]
[cdnjs.cloudflare.com/ajax/libs/slick-carousel/1.9.0/slick-theme.min.css]
[www.tatasteel.com/sustainability/our-stories/campaigns/index.html]
[www.tatasteel.com/sustainability/our-stories/media/index.html]
[www.tatasteel.com/sustainability/our-stories/biodiversity/index.html]
[www.tatasteel.com/fonts/glyphicons-halflings-regular.eot]
[www.tatasteel.com/products-solutions/index.html]
[www.tatasteel.com/products-solutions/india/index.html]
[www.tatasteel.com/sustainability/our-stories/awards-and-recognitions/index.html]
[www.tatasteel.com/fonts/glyphicons-halflings-regulard41d.eot]
[www.tatasteel.com/products-solutions/india/segments/agriculture/index.html]
[www.tatasteel.com/products-solutions/india/segments/automotive-steels/index.html]
[www.tatasteel.com/fonts/glyphicons-halflings-regular.woff2]
[www.tatasteel.com/products-solutions/india/segments/construction/index.html]
[www.tatasteel.com/fonts/glyphicons-halflings-regular.woff]
[www.tatasteel.com/fonts/glyphicons-halflings-regular.ttf]
[www.tatasteel.com/products-solutions/india/segments/consumer-goods/index.html]
[www.tatasteel.com/fonts/glyphicons-halflings-regular.svg]
[www.tatasteel.com/fonts/rupee_foradian-webfont.eot]
[www.tatasteel.com/fonts/rupee_foradian-webfontd41d.eot]
[www.tatasteel.com/products-solutions/india/segments/energy-and-power/index.html]
[www.tatasteel.com/fonts/rupee_foradian-webfont.woff]
[www.tatasteel.com/fonts/rupee_foradian-webfont.ttf]
[www.tatasteel.com/fonts/rupee_foradian-webfont.svg]
[www.tatasteel.com/images/fancybox/fancybox_sprite.png]
[www.tatasteel.com/images/fancybox/fancybox_loading.gif]
[www.tatasteel.com/products-solutions/india/segments/engineering/index.html]
[www.tatasteel.com/images/fancybox/blank.gif]
[www.tatasteel.com/images/fancybox/fancybox_overlay.png]
[www.tatasteel.com/fonts/Myriad-Pro.eot]
[www.tatasteel.com/products-solutions/india/segments/material-handling/index.html]
[www.tatasteel.com/fonts/Myriad-Prod41d.eot]
[www.tatasteel.com/fonts/Myriad-Pro.woff]
[www.tatasteel.com/fonts/Myriad-Pro.ttf]
[www.tatasteel.com/fonts/Myriad-Pro.svg]
[www.tatasteel.com/fonts/Myriad-Pro-Semibold.eot]
[www.tatasteel.com/fonts/Myriad-Pro-Semiboldd41d.html]
[www.tatasteel.com/fonts/Myriad-Pro-Semibold.woff]
[www.tatasteel.com/fonts/Myriad-Pro-Semibold.ttf]
[www.tatasteel.com/fonts/Myriad-Pro-Semibold.svg]
[www.tatasteel.com/fonts/MyriadPro-Bold.eot]
[www.tatasteel.com/fonts/MyriadPro-Boldd41d.html]
[www.tatasteel.com/fonts/MyriadPro-Bold.woff]
[www.tatasteel.com/fonts/MyriadPro-Bold.ttf]
[www.tatasteel.com/products-solutions/india/products/galvano/index.html]
[www.tatasteel.com/fonts/MyriadPro-Bold.svg]
[www.tatasteel.com/fonts/Myriad-Pro-Light.eot]
[www.tatasteel.com/fonts/Myriad-Pro-Lightd41d.html]
[www.tatasteel.com/fonts/Myriad-Pro-Light.woff]
[www.tatasteel.com/fonts/Myriad-Pro-Light.ttf]
[www.tatasteel.com/products-solutions/india/products/tata-agrico-agriculture-construction-hand-tools/index.html]
[www.tatasteel.com/fonts/Myriad-Pro-Light.svg]
[www.tatasteel.com/images/header_bg.png]
[www.tatasteel.com/images/humburger_icon.png]
[www.tatasteel.com/images/sprite.png]
[www.tatasteel.com/images/header_bg3.png]
[www.tatasteel.com/products-solutions/india/products/tata-astrum/index.html]
[www.tatasteel.com/images/media/media_icon6.png]
[www.tatasteel.com/images/media/media_icon3.png]
[www.tatasteel.com/images/media/media_icon1.png]
[www.tatasteel.com/products-solutions/india/products/tata-bearings/index.html]
[www.tatasteel.com/images/media/media_icon2.png]
[www.tatasteel.com/images/media/media_icon5.png]
[www.tatasteel.com/products-solutions/india/products/tata-ferro-alloys-and-minerals-division/index.html]
[www.tatasteel.com/images/productpage/prod_brand_bg.jpg]
[www.tatasteel.com/products-solutions/india/products/tata-pipes/index.html]
[www.tatasteel.com/images/select_drop_icon.png]
[www.tatasteel.com/products-solutions/india/products/tata-steel-industrial-by-products-management-division-ibmd/index.html]
[www.tatasteel.com/images/careerpage/video_icon.png]
[www.tatasteel.com/images/texture_bg.html]
[www.tatasteel.com/products-solutions/india/products/tata-precision-tubes/index.html]
[www.tatasteel.com/images/mom/open_quote.png]
[www.tatasteel.com/images/event-logo-bg.png]
[www.tatasteel.com/products-solutions/india/products/raw-materials-and-responsible-mining/index.html]
[www.tatasteel.com/images/heritage_bg.jpg]
[www.tatasteel.com/products-solutions/india/products/tata-shaktee/index.html]
[www.tatasteel.com/images/photo_frame.jpg]
[www.tatasteel.com/images/gonext_bg.png]
[www.tatasteel.com/images/selectarrow.png]
[www.tatasteel.com/images/scroll-arw.png]
[www.tatasteel.com/images/inner-images/sprite.png]
[www.tatasteel.com/products-solutions/india/products/tata-steelium/index.html]
[www.tatasteel.com/images/playicon.html]
[www.tatasteel.com/images/hashtag.png]
[www.tatasteel.com/media/9086/biodiversity-img1.png]
[www.tatasteel.com/media/10815/green-bg.jpg]
[www.tatasteel.com/css/tatasteelebc3.css]
[www.tatasteel.com/media/10817/plastic-bg.jpg]
[www.tatasteel.com/css/accessibility-style7d33.css]
[www.tatasteel.com/products-solutions/india/products/tata-structura/index.html]
[www.tatasteel.com/products-solutions/india/products/tata-tiscon/index.html]
[www.tatasteel.com/media/3505/corporate.jpg]
[www.tatasteel.com/products-solutions/india/products/tata-wiron/index.html]
[www.tatasteel.com/media/2892/company-profile.jpg]
[www.tatasteel.com/products-solutions/india/products/colornova/index.html]
[www.tatasteel.com/products-solutions/india/products/galvaros/index.html]
[www.tatasteel.com/media/2891/mvv2.jpg]
[www.tatasteel.com/products-solutions/india/products/galvanova/index.html]
[www.tatasteel.com/media/2890/leadership2.jpg]
[www.tatasteel.com/media/3656/legacy-of-innovation2.jpg]
[www.tatasteel.com/products-solutions/india/solutions/index.html]
[www.tatasteel.com/media/3655/legacy-of-innovation_mobile_bg2.jpg]
[www.tatasteel.com/media/2877/ethics.jpg]
[www.tatasteel.com/media/2878/innovation.jpg]
[www.tatasteel.com/products-solutions/india/aashiyana/index.html]
[www.tatasteel.com/media/2681/safety2.jpg]
[www.tatasteel.com/products-solutions/india/tata-steel-industrial-consulting/index.html]
[www.tatasteel.com/media/2876/environment2.jpg]
[www.tatasteel.com/media/2875/csr.jpg]
[www.tatasteel.com/products-solutions/europe/index.html]
[www.tatasteel.com/media/3414/hr.jpg]
[www.tatasteel.com/media/2887/businessmodel_mobile_bg.jpg]
[www.tatasteel.com/media/1223/business_model_img1.jpg]
[www.tatasteel.com/media/4027/globalpresence_mobile_bg.jpg]
[www.tatasteel.com/products-solutions/south-east-asia/index.html]
[www.tatasteel.com/media/3617/globe-1.mp4]
[www.tatasteel.com/media/3443/careers.jpg]
[www.tatasteel.com/media/3471/careers_banner_mobile.jpg]
[www.tatasteel.com/media/3441/awards.jpg]
[www.tatasteel.com/media/3469/awards_banner_mobile.jpg]
[www.tatasteel.com/investors/index.html]
[www.tatasteel.com/media/3444/events.jpg]
[www.tatasteel.com/media/3472/events_banner_mobile.jpg]
[www.tatasteel.com/media/3442/brands.jpg]
[www.tatasteel.com/media/3470/brands_banner_mobile.jpg]
[www.tatasteel.com/investors/investor-day-2021/index.html]
[www.tatasteel.com/corporate/index.html]
[www.tatasteel.com/corporate/GET.html]
[www.tatasteel.com/corporate/our-organisation/index.html]
[www.tatasteel.com/investors/financial-performance/financial-results/index.html]
[www.tatasteel.com/investors/financial-performance/earnings-release/index.html]
[www.tatasteel.com/investors/financial-performance/analyst-presentations/index.html]
[www.tatasteel.com/investors/financial-performance/analyst-call-recording/index.html]
[www.tatasteel.com/media/3415/groupprofile_fullimg2.jpg]
[www.tatasteel.com/investors/financial-performance/investor-presentations/index.html]
[www.tatasteel.com/investors/financial-performance/tax-transparency-reports/index.html]
[www.tatasteel.com/media/3416/groupprofile_mobile_bg3.jpg]
[www.tatasteel.com/investors/integrated-reportannual-report/index.html]
[www.tatasteel.com/investors/integrated-reportannual-report/integrated-report-annual-accounts-2021-22-115th-year-and-related-documents/index.html]
[www.tatasteel.com/images/quick-links.png]
[www.tatasteel.com/investors/integrated-reportannual-report/integrated-report-annual-accounts-2021-22-115th-year-and-related-documents/financial-statements-of-subsidiary-companies-fy-2021-22/index.html]
[www.tatasteel.com/images/quick-menu-close.png]
[www.tatasteel.com/investors/integrated-reportannual-report/integrated-report-annual-accounts-2020-21-114th-year-and-related-documents/index.html]
[www.tatasteel.com/media/2996/groupprofile_fullimg.jpg]
[www.tatasteel.com/investors/integrated-reportannual-report/integrated-report-annual-accounts-2019-20-113th-year-and-related-documents/index.html]
[www.tatasteel.com/corporate/our-organisation/tata-group-profile/index.html]
[www.tatasteel.com/corporate/our-organisation/tata-group-profile/GET.html]
[www.tatasteel.com/media/2897/companyprofile_masthead.jpg]
[www.tatasteel.com/investors/integrated-reportannual-report/integrated-report-annual-accounts-2018-19-112th-year-and-related-documents/index.html]
[www.tatasteel.com/investors/integrated-reportannual-report/integrated-report-annual-accounts-2017-18-111th-year-and-related-documents/index.html]
[www.tatasteel.com/media/2895/companyprofile_mobile_bg.jpg]
[www.tatasteel.com/media/2998/companyprofile_fullimg.jpg]
[www.tatasteel.com/media/3000/indiaoffice.jpg]
[www.tatasteel.com/media/2999/europeoffice.jpg]
[www.tatasteel.com/media/3001/seaoffice.jpg]
[www.tatasteel.com/investors/integrated-reportannual-report/integrated-report-annual-accounts-2016-17-110th-year-and-related-documents/index.html]
[www.tatasteel.com/corporate/our-organisation/company-profile/index.html]
[www.tatasteel.com/corporate/our-organisation/company-profile/GET.html]
[www.tatasteel.com/media/3418/missionvisionvalues2.jpg]
[www.tatasteel.com/investors/integrated-reportannual-report/integrated-report-annual-accounts-2015-16-109th-year-and-related-documents/index.html]
[www.tatasteel.com/media/3417/missionvisionvalues_mobile_bg2.jpg]
[www.tatasteel.com/investors/integrated-reportannual-report/integrated-report-annual-accounts-2014-15-108th-year-and-related-documents/index.html]
[www.tatasteel.com/media/3012/people.png]
[www.tatasteel.com/media/3011/offerings.png]
[www.tatasteel.com/media/3052/conduct.png]
[www.tatasteel.com/media/3013/policies.png]
[www.tatasteel.com/investors/investor-information/key-facts/index.html]
[www.tatasteel.com/media/3010/innovations.png]
[www.tatasteel.com/media/3003/missionvisionvalues_fullimg.jpg]
[www.tatasteel.com/corporate/our-organisation/vision-mission-values/index.html]
[www.tatasteel.com/corporate/our-organisation/vision-mission-values/GET.html]
[www.tatasteel.com/investors/investor-information/bonds-information/bonds-information-2018-19/index.html]
[www.tatasteel.com/investors/investor-information/bonds-information/bonds-information-2019-20/index.html]
[www.tatasteel.com/media/3014/leadership2.jpg]
[www.tatasteel.com/media/3370/ratan-tata1.jpg]
[www.tatasteel.com/investors/investor-information/bonds-information/index.html]
[www.tatasteel.com/media/3027/mr-natarajan-chandrasekaran.jpg]
[www.tatasteel.com/media/15475/nn.jpg]
[www.tatasteel.com/investors/investor-information/bonds-information/bonds-information-2020-2021/index.html]
[www.tatasteel.com/media/3021/mr-o-p-bhatt.jpg]
[www.tatasteel.com/media/3017/mr-deepak-kapoor.jpg]
[www.tatasteel.com/media/14236/ps.jpg]
[www.tatasteel.com/investors/investor-information/bonds-information/bonds-information-2021/index.html]
[www.tatasteel.com/media/7974/vijay-kumar-sharma.jpg]
[www.tatasteel.com/investors/investor-information/credit-ratings/index.html]
[www.tatasteel.com/media/4488/sourabh-agrawal.jpg]
[www.tatasteel.com/investors/investor-information/bonds-information/bonds-information-2022/index.html]
[www.tatasteel.com/media/3022/mr-t-v-narendran.jpg]
[www.tatasteel.com/investors/investor-information/corporate-benefits/index.html]
[www.tatasteel.com/media/3020/mr-koushik-chatterjee.jpg]
[www.tatasteel.com/media/1879/csr-policy-version-20.pdf]
[www.tatasteel.com/media/13293/atrayee.jpg]
[www.tatasteel.com/investors/investor-information/record-datebook-closure-date-for-equity-shares/index.html]
[www.tatasteel.com/media/6716/avneesh-gupta.jpg]
[www.tatasteel.com/media/14917/chaitanya-bhanu.jpg]
[www.tatasteel.com/media/5243/mr-chanakya-chaudhary.jpg]
[www.tatasteel.com/investors/investor-information/unclaimed-dividend/index.html]
[www.tatasteel.com/media/10046/db-sundara-ramam.jpg]
[www.tatasteel.com/media/5238/dr-debashish-bhattacharjee.jpg]
[www.tatasteel.com/media/13408/probal-ghosh.jpg]
[www.tatasteel.com/investors/investor-information/schedule-of-analystinstitutional-investor-meet/index.html]
[www.tatasteel.com/media/16153/peeyushgupta.jpg]
[www.tatasteel.com/media/5248/mr-rajiv-kumar.jpg]
[www.tatasteel.com/media/16177/rajiv-mukerji.jpg]
[www.tatasteel.com/media/14816/430_450.jpg]
[www.tatasteel.com/investors/investor-information/share-prices-charts/index.html]
[www.tatasteel.com/media/14107/ps-3.jpg]
[www.tatasteel.com/media/14062/samita-shah-1.jpg]
[www.tatasteel.com/media/14030/image-resize-1.jpg]
[www.tatasteel.com/media/14763/dsc_2065.jpg]
[www.tatasteel.com/media/6324/mr-uttam-singh.jpg]
[www.tatasteel.com/investors/investor-information/frequently-asked-questions/index.html]
[www.tatasteel.com/corporate/our-organisation/leadership/index.html]
[www.tatasteel.com/corporate/our-organisation/leadership/GET.html]
[www.tatasteel.com/investors/investor-information/forms/index.html]
[www.tatasteel.com/investors/investor-information/postal-ballot/index.html]
[www.tatasteel.com/media/3033/ethics.jpg]
[www.tatasteel.com/investors/investor-information/annual-general-meeting/index.html]
[www.tatasteel.com/investors/investor-information/extraordinary-general-meeting/index.html]
[www.tatasteel.com/media/3034/ethics_mobile_bg.jpg]
[www.tatasteel.com/investors/investor-information/registrars-transfer-agents/index.html]
[www.tatasteel.com/media/10384/tcoc_final_english.pdf]
[www.tatasteel.com/investors/investor-information/subscribe-for-investor-relations-alerts/index.html]
[www.tatasteel.com/media/10382/tcoc-2015-hindi.pdf]
[www.tatasteel.com/investors/investor-information/contacts/index.html]
[www.tatasteel.com/media/10386/tcoc-2015-rev-marathi.pdf]
[www.tatasteel.com/investors/investor-information/shareholder-query-form/index.html]
[www.tatasteel.com/media/10383/tcoc_2015_rev_gujarati.pdf]
[www.tatasteel.com/media/10389/tcoc-2015-rev-tamil.pdf]
[www.tatasteel.com/investors/investor-information/financial-calendar/index.html]
[www.tatasteel.com/investors/investor-information/advertisements-for-transfer-of-equity-shares/index.html]
[www.tatasteel.com/media/10385/tcoc-2015-rev-chinese.pdf]
[www.tatasteel.com/investors/investor-information/agm-showcase/index.html]
[www.tatasteel.com/investors/investor-information/rights-issue-first-and-final-call/index.html]
[www.tatasteel.com/media/10387/tcoc-2015-rev-portuguese.pdf]
[www.tatasteel.com/investors/investor-information/intimation-under-regulation-39-3-of-sebi-listing-obligations-and-disclosure-requirements-regulations-2015/index.html]
[www.tatasteel.com/media/10388/tcoc-2015-rev-spanish.pdf]
[www.tatasteel.com/investors/corporate-governance/compliance/index.html]
[www.tatasteel.com/media/12833/2020-ba-code-of-conduct-1.pdf]
[www.tatasteel.com/media/16531/whistleblower-policy-ba-revised-2022.pdf]
[www.tatasteel.com/investors/corporate-governance/corporate-governance-report/index.html]
[www.tatasteel.com/investors/stock-exchange-compliances/stock-exchange-releases/index.html]
[www.tatasteel.com/investors/stock-exchange-compliances/stock-exchange-information/index.html]
[www.tatasteel.com/media/16530/whistleblower-policy-directors-employees-revised-2022.pdf]
[www.tatasteel.com/media/10381/soni.jpg]
[www.tatasteel.com/investors/stock-exchange-compliances/shareholding-pattern/index.html]
[www.tatasteel.com/corporate/our-organisation/ethics/index.html]
[www.tatasteel.com/corporate/our-organisation/ethics/GET.html]
[www.tatasteel.com/investors/stock-exchange-compliances/compliance-report-on-corporate-governance/index.html]
[www.tatasteel.com/investors/stock-exchange-compliances/reconciliation-of-share-capital-audit-reports/index.html]
[www.tatasteel.com/media/3035/policies.jpg]
[www.tatasteel.com/investors/stock-exchange-compliances/certificate-from-pcs-under-regulation-40-9-and-61-4/index.html]
[www.tatasteel.com/media/3036/policies_mobile_bg.jpg]
[www.tatasteel.com/investors/stock-exchange-compliances/certificate-under-regulation-7-3/index.html]
[www.tatasteel.com/media/15484/tsl-policy.pdf]
[www.tatasteel.com/media/11802/1-abac-policy_final.pdf]
[www.tatasteel.com/media/11803/2-aml-policy-_final.pdf]
[www.tatasteel.com/media/10931/tata-steel-responsible-supply-chain-policy_guidelines.pdf]
[www.tatasteel.com/media/5800/affirmative-action.pdf]
[www.tatasteel.com/investors/stock-exchange-compliances/revision-in-ratings/index.html]
[www.tatasteel.com/media/5801/alcohol-drgs.pdf]
[www.tatasteel.com/media/6920/climate-change-policy-of-tata-group.pdf]
[www.tatasteel.com/media/6843/code-of-corporate-disclosure-practices.pdf]
[www.tatasteel.com/media/11804/tata-steel-csr-policy-latest-2019.pdf]
[www.tatasteel.com/investors/stock-exchange-compliances/investor-complaints-report/index.html]
[www.tatasteel.com/media/6872/tsl_data-privacy-policy.pdf]
[www.tatasteel.com/media/6086/dividend-policy-final.pdf]
[www.tatasteel.com/investors/stock-exchange-compliances/change-in-directorship/index.html]
[www.tatasteel.com/investors/stock-exchange-compliances/related-party-transaction-disclosures/index.html]
[www.tatasteel.com/media/6845/tata-steel-document-retention-policy.pdf]
[www.tatasteel.com/media/6745/steel-background_energy-policy.pdf]
[www.tatasteel.com/media/5806/environ.pdf]
[www.tatasteel.com/media/5807/group-vision.pdf]
[www.tatasteel.com/investors/stock-exchange-compliances/annual-secretarial-compliance-report/index.html]
[www.tatasteel.com/media/7525/guidelines-posh.pdf]
[www.tatasteel.com/media/5808/hiv.pdf]
[www.tatasteel.com/investors/amalgamation/amalgamation-of-bamnipal-steel-limited-and-tata-steel-bsl-limited-into-and-with-tata-steel-limited/index.html]
[www.tatasteel.com/media/5809/hr.pdf]
[www.tatasteel.com/investors/amalgamation/amalgamation-of-tata-steel-long-products-into-and-with-tata-steel-limited/index.html]
[www.tatasteel.com/investors/amalgamation/index.html]
[www.tatasteel.com/investors/amalgamation/amalgamation-of-the-tinplate-company-of-india-limited-into-and-with-tata-steel-limited/index.html]
[www.tatasteel.com/media/5813/info-secy-2.pdf]
[www.tatasteel.com/investors/amalgamation/amalgamation-of-tata-metaliks-limited-into-and-with-tata-steel-limited/index.html]
[www.tatasteel.com/media/5814/info-secy-asset-classification.pdf]
[www.tatasteel.com/investors/amalgamation/amalgamation-of-trf-limited-into-and-with-tata-steel-limited/index.html]
[www.tatasteel.com/media/5815/info-secy-risk.pdf]
[www.tatasteel.com/investors/amalgamation/amalgamation-of-the-indian-steel-wire-products-limited-into-and-with-tata-steel-limited/index.html]
[www.tatasteel.com/media/5816/info-secy-sustain.pdf]
[www.tatasteel.com/media/5817/info-secy.pdf]
[www.tatasteel.com/media/5818/mission.pdf]
[www.tatasteel.com/investors/amalgamation/amalgamation-of-tata-steel-mining-limited-into-and-with-tata-steel-limited/index.html]
[www.tatasteel.com/media/5890/policy-on-determining-material-subsidiaries.pdf]
[www.tatasteel.com/media/6816/policy-on-appointment-and-removal-of-directors.pdf]
[www.tatasteel.com/media/6844/tata-steel-determination-of-materiality-policy.pdf]
[www.tatasteel.com/media/5891/policy-on-related-party-transactions.pdf]
[www.tatasteel.com/media/7526/posh.pdf]
[www.tatasteel.com/investors/amalgamation/amalgamation-of-s-t-mining-company-limited-into-and-with-tata-steel-limited/index.html]
[www.tatasteel.com/media/5820/quality-vision.pdf]
[www.tatasteel.com/media/5821/quality.pdf]
[www.tatasteel.com/media/5822/research.pdf]
[www.tatasteel.com/media/5823/social-accountability.pdf]
[www.tatasteel.com/media/5824/spoh.pdf]
[www.tatasteel.com/investors/financial-performance-summary/index.html]
[www.tatasteel.com/media/6817/remuneration-policy-of-directors-etc.pdf]
[www.tatasteel.com/media/5825/sustainability.pdf]
[www.tatasteel.com/media/5803/biodiversity-1.pdf]
[www.tatasteel.com/media/9942/whistle-blower-policy-for-business-associates.pdf]
[www.tatasteel.com/media/11322/revised-whistleblower-policy-december-18-2019.pdf]
[www.tatasteel.com/corporate/our-organisation/policies/index.html]
[www.tatasteel.com/corporate/our-organisation/policies/GET.html]
[www.tatasteel.com/media/index.html]
[www.tatasteel.com/media/newsroom/press-releases/index.html]
[www.tatasteel.com/heritage/heritage.html]
[www.tatasteel.com/media/3628/jamsetji_nusserwanji_tata.jpg]
[www.tatasteel.com/media/3627/dorabji_tata.jpg]
[www.tatasteel.com/media/3632/jrd_tata.jpg]
[www.tatasteel.com/media/3625/bj_padshah.jpg]
[www.tatasteel.com/media/3631/john_peterson.jpg]
[www.tatasteel.com/media/3624/ar_dalal.jpg]
[www.tatasteel.com/media/3629/jj_ghandy.jpg]
[www.tatasteel.com/media/3636/shavak_nanavati.jpg]
[www.tatasteel.com/media/3634/rs_pande.jpg]
[www.tatasteel.com/media/3635/russi_mody.jpg]
[www.tatasteel.com/media/3633/rg_wells.jpg]
[www.tatasteel.com/media/newsroom/in-the-news/index.html]
[www.tatasteel.com/media/3637/tw_tutwiler.jpg]
[www.tatasteel.com/media/media-kit/logos-usage-guidelines/index.html]
[www.tatasteel.com/corporate/our-organisation/heritage/index.html]
[www.tatasteel.com/corporate/our-organisation/innovation/index.html]
[www.tatasteel.com/corporate/our-organisation/safety/index.html]
[www.tatasteel.com/corporate/our-organisation/safety/overview/index.html]
[www.tatasteel.com/corporate/our-organisation/safety/performance-highlights/index.html]
[www.tatasteel.com/corporate/our-organisation/safety/building-a-culture-of-safety/index.html]
[www.tatasteel.com/corporate/our-organisation/safety/awards-and-accolades/index.html]
[www.tatasteel.com/corporate/our-organisation/environment/index.html]
[www.tatasteel.com/media/media-kit/factsheet/index.html]
[www.tatasteel.com/corporate/our-organisation/environment/environment-compliance-reports/index.html]
[www.tatasteel.com/corporate/our-organisation/environment/policy/index.html]
[www.tatasteel.com/corporate/our-organisation/environment/environmental-certifications/index.html]
[www.tatasteel.com/corporate/our-organisation/hr/index.html]
[www.tatasteel.com/corporate/our-organisation/csr/index.html]
[www.tatasteel.com/corporate/our-organisation/awards-recognitions/index.html]
[www.tatasteel.com/corporate/our-organisation/corporate-initiatives/index.html]
[www.tatasteel.com/corporate/our-organisation/corporate-initiatives/tata-steel-kolkata-literary-meet/index.html]
[www.tatasteel.com/corporate/our-organisation/corporate-initiatives/tata-steel-kolkata-25k-run/index.html]
[www.tatasteel.com/corporate/our-organisation/corporate-initiatives/samvaad/index.html]
[www.tatasteel.com/corporate/our-organisation/corporate-initiatives/tata-steel-bhubaneswar-literary-meet/index.html]
[www.tatasteel.com/corporate/our-organisation/corporate-initiatives/tata-steel-bhubaneshwar-half-marathon/index.html]
[www.tatasteel.com/corporate/our-organisation/corporate-initiatives/tata-steel-noamundi-run-a-thon/index.html]
[www.tatasteel.com/corporate/our-organisation/corporate-initiatives/tata-steel-jamshedpur-run-a-thon/index.html]
[www.tatasteel.com/corporate/our-organisation/corporate-initiatives/tata-steel-jharkhand-literary-meet/index.html]
[www.tatasteel.com/corporate/our-organisation/corporate-initiatives/tata-steel-chess-india/index.html]
[www.tatasteel.com/corporate/our-organisation/corporate-initiatives/tata-steel-art-residency/index.html]
[www.tatasteel.com/corporate/our-organisation/corporate-initiatives/proactive-measures-safety-of-all/index.html]
[www.tatasteel.com/corporate/our-organisation/corporate-initiatives/summer-camp-2021/index.html]
[www.tatasteel.com/corporate/our-organisation/campus-connect/index.html]
[www.tatasteel.com/corporate/our-organisation/tata-steel-group-companies/index.html]
[www.tatasteel.com/corporate/our-organisation/procurement/index.html]
[www.tatasteel.com/corporate/our-organisation/campaigns/index.html]
[www.tatasteel.com/corporate/our-organisation/campaigns/celebrating-25-glorious-years-of-the-tata-steel-archives/index.html]
[www.tatasteel.com/corporate/our-organisation/campaigns/a-celebration-of-sports/index.html]
[www.tatasteel.com/corporate/our-organisation/campaigns/missiongange/index.html]
[www.tatasteel.com/corporate/our-organisation/campaigns/write-brain-challenge/index.html]
[www.tatasteel.com/corporate/our-organisation/campaigns/howrah-bridge-75-years-anniversary/index.html]
[www.tatasteel.com/corporate/our-organisation/campaigns/100-years-quiz/index.html]
[www.tatasteel.com/corporate/our-organisation/campaigns/bachendri-pal/index.html]
[www.tatasteel.com/corporate/our-organisation/campaigns/doorwaytogreen/index.html]
[www.tatasteel.com/corporate/our-organisation/campaigns/swachh-bharat-and-ezynest/index.html]
[www.tatasteel.com/corporate/our-organisation/campaigns/labour-day/index.html]
[www.tatasteel.com/corporate/our-organisation/campaigns/jamshedpurat100/index.html]
[www.tatasteel.com/corporate/our-organisation/campaigns/greenfection/index.html]
[www.tatasteel.com/corporate/our-organisation/campaigns/restoretodayfortomorrow/index.html]
[www.tatasteel.com/corporate/our-organisation/campaigns/sir-dorabji-tata-birth-anniversary/index.html]
[www.tatasteel.com/corporate/our-organisation/campaigns/founders-day-2022/index.html]
[www.tatasteel.com/corporate/our-organisation/campaigns/environment-day-2022/index.html]
[www.tatasteel.com/corporate/our-organisation/campaigns/celebrating-the-118th-birth-anniversary-of-jrd-tata/index.html]
[www.tatasteel.com/corporate/our-organisation/sports/index.html]
[www.tatasteel.com/corporate/our-value-chain/index.html]
[www.tatasteel.com/corporate/our-value-chain/business-model-strategy/index.html]
[www.tatasteel.com/corporate/our-value-chain/sustainable-mining/index.html]
[www.tatasteel.com/corporate/our-value-chain/the-making-of-steel/index.html]
[www.tatasteel.com/corporate/our-value-chain/operational-excellence/index.html]
[www.tatasteel.com/corporate/our-global-footprint/index.html]
[www.tatasteel.com/sustainability/index.html]
[www.tatasteel.com/sustainability/our-approach/index.html]
[www.tatasteel.com/sustainability/our-approach/governance/index.html]
[www.tatasteel.com/sustainability/our-approach/material-issues/index.html]
[www.tatasteel.com/sustainability/our-approach/sustainability-performance/index.html]
[www.tatasteel.com/sustainability/our-approach/sustainability-disclosures/index.html]
[www.tatasteel.com/sustainability/our-approach/integrated-reports/index.html]
[www.tatasteel.com/sustainability/our-approach/tata-steel-esg-indicators-factsheet-fy-2021-22/index.html]
[www.tatasteel.com/sustainability/our-approach/climate-action/index.html]
[www.tatasteel.com/sustainability/our-stories/index.html]
[www.tatasteel.com/sustainability/our-stories/product-sustainability/index.html]
[www.tatasteel.com/sustainability/our-stories/campaigns/index.html]
[www.tatasteel.com/sustainability/our-stories/media/index.html]
[www.tatasteel.com/sustainability/our-stories/awards-and-recognitions/index.html]
[www.tatasteel.com/sustainability/our-stories/biodiversity/index.html]
[www.tatasteel.com/products-solutions/index.html]
[www.tatasteel.com/products-solutions/india/index.html]
[www.tatasteel.com/products-solutions/india/segments/index.html]
[www.tatasteel.com/products-solutions/india/segments/agriculture/index.html]
[www.tatasteel.com/products-solutions/india/segments/automotive-steels/index.html]
[www.tatasteel.com/products-solutions/india/segments/construction/index.html]
[www.tatasteel.com/products-solutions/india/segments/consumer-goods/index.html]
[www.tatasteel.com/products-solutions/india/segments/energy-and-power/index.html]
[www.tatasteel.com/products-solutions/india/segments/engineering/index.html]
[www.tatasteel.com/products-solutions/india/segments/material-handling/index.html]
[www.tatasteel.com/products-solutions/india/products/index.html]
[www.tatasteel.com/products-solutions/india/products/automotive-steels/index.html]
[www.tatasteel.com/products-solutions/india/products/galvano/index.html]
[www.tatasteel.com/products-solutions/india/products/tata-agrico-agriculture-construction-hand-tools/index.html]
[www.tatasteel.com/products-solutions/india/products/tata-astrum/index.html]
[www.tatasteel.com/products-solutions/india/products/tata-bearings/index.html]
[www.tatasteel.com/products-solutions/india/products/tata-ferro-alloys-and-minerals-division/index.html]
[www.tatasteel.com/products-solutions/india/products/tata-steel-industrial-by-products-management-division-ibmd/index.html]
[www.tatasteel.com/products-solutions/india/products/tata-pipes/index.html]
[www.tatasteel.com/products-solutions/india/products/tata-precision-tubes/index.html]
[www.tatasteel.com/products-solutions/india/products/raw-materials-and-responsible-mining/index.html]
[www.tatasteel.com/products-solutions/india/products/tata-shaktee/index.html]
[www.tatasteel.com/products-solutions/india/products/tata-steelium/index.html]
[www.tatasteel.com/products-solutions/india/products/tata-structura/index.html]
[www.tatasteel.com/products-solutions/india/products/tata-tiscon/index.html]
[www.tatasteel.com/products-solutions/india/products/tata-wiron/index.html]
[www.tatasteel.com/products-solutions/india/products/galvaros/index.html]
[www.tatasteel.com/products-solutions/india/products/colornova/index.html]
[www.tatasteel.com/products-solutions/india/products/galvanova/index.html]
[www.tatasteel.com/products-solutions/india/solutions/index.html]
[www.tatasteel.com/products-solutions/india/aashiyana/index.html]
[www.tatasteel.com/products-solutions/india/tata-steel-industrial-consulting/index.html]
[www.tatasteel.com/products-solutions/europe/index.html]
[www.tatasteel.com/products-solutions/south-east-asia/index.html]
[www.tatasteel.com/investors/index.html]
[www.tatasteel.com/investors/investor-day-2021/index.html]
[www.tatasteel.com/investors/financial-performance/index.html]
